test: generating the CNOTpauli group table for 2 qubits:
96
[[], ['cx 0 1'], ['cx 0 1', 'cx 1 0'], ['cx 0 1', 'cx 1 0', 'cx 0 1'], ['cx 0 1', 'cx 1 0', 'cx 0 1', 'x 0'], ['cx 0 1', 'cx 1 0', 'cx 0 1', 'x 0', 'x 1'], ['cx 0 1', 'cx 1 0', 'cx 0 1', 'x 0', 'y 1'], ['cx 0 1', 'cx 1 0', 'cx 0 1', 'x 0', 'z 1'], ['cx 0 1', 'cx 1 0', 'cx 0 1', 'x 1'], ['cx 0 1', 'cx 1 0', 'cx 0 1', 'y 0'], ['cx 0 1', 'cx 1 0', 'cx 0 1', 'y 0', 'x 1'], ['cx 0 1', 'cx 1 0', 'cx 0 1', 'y 0', 'y 1'], ['cx 0 1', 'cx 1 0', 'cx 0 1', 'y 0', 'z 1'], ['cx 0 1', 'cx 1 0', 'cx 0 1', 'y 1'], ['cx 0 1', 'cx 1 0', 'cx 0 1', 'z 0'], ['cx 0 1', 'cx 1 0', 'cx 0 1', 'z 0', 'x 1'], ['cx 0 1', 'cx 1 0', 'cx 0 1', 'z 0', 'y 1'], ['cx 0 1', 'cx 1 0', 'cx 0 1', 'z 0', 'z 1'], ['cx 0 1', 'cx 1 0', 'cx 0 1', 'z 1'], ['cx 0 1', 'cx 1 0', 'x 0'], ['cx 0 1', 'cx 1 0', 'x 0', 'x 1'], ['cx 0 1', 'cx 1 0', 'x 0', 'y 1'], ['cx 0 1', 'cx 1 0', 'x 0', 'z 1'], ['cx 0 1', 'cx 1 0', 'x 1'], ['cx 0 1', 'cx 1 0', 'y 0'], ['cx 0 1', 'cx 1 0', 'y 0', 'x 1'], ['cx 0 1', 'cx 1 0', 'y 0', 'y 1'], ['cx 0 1', 'cx 1 0', 'y 0', 'z 1'], ['cx 0 1', 'cx 1 0', 'y 1'], ['cx 0 1', 'cx 1 0', 'z 0'], ['cx 0 1', 'cx 1 0', 'z 0', 'x 1'], ['cx 0 1', 'cx 1 0', 'z 0', 'y 1'], ['cx 0 1', 'cx 1 0', 'z 0', 'z 1'], ['cx 0 1', 'cx 1 0', 'z 1'], ['cx 0 1', 'x 0'], ['cx 0 1', 'x 0', 'x 1'], ['cx 0 1', 'x 0', 'y 1'], ['cx 0 1', 'x 0', 'z 1'], ['cx 0 1', 'x 1'], ['cx 0 1', 'y 0'], ['cx 0 1', 'y 0', 'x 1'], ['cx 0 1', 'y 0', 'y 1'], ['cx 0 1', 'y 0', 'z 1'], ['cx 0 1', 'y 1'], ['cx 0 1', 'z 0'], ['cx 0 1', 'z 0', 'x 1'], ['cx 0 1', 'z 0', 'y 1'], ['cx 0 1', 'z 0', 'z 1'], ['cx 0 1', 'z 1'], ['cx 1 0'], ['cx 1 0', 'cx 0 1'], ['cx 1 0', 'cx 0 1', 'x 0'], ['cx 1 0', 'cx 0 1', 'x 0', 'x 1'], ['cx 1 0', 'cx 0 1', 'x 0', 'y 1'], ['cx 1 0', 'cx 0 1', 'x 0', 'z 1'], ['cx 1 0', 'cx 0 1', 'x 1'], ['cx 1 0', 'cx 0 1', 'y 0'], ['cx 1 0', 'cx 0 1', 'y 0', 'x 1'], ['cx 1 0', 'cx 0 1', 'y 0', 'y 1'], ['cx 1 0', 'cx 0 1', 'y 0', 'z 1'], ['cx 1 0', 'cx 0 1', 'y 1'], ['cx 1 0', 'cx 0 1', 'z 0'], ['cx 1 0', 'cx 0 1', 'z 0', 'x 1'], ['cx 1 0', 'cx 0 1', 'z 0', 'y 1'], ['cx 1 0', 'cx 0 1', 'z 0', 'z 1'], ['cx 1 0', 'cx 0 1', 'z 1'], ['cx 1 0', 'x 0'], ['cx 1 0', 'x 0', 'x 1'], ['cx 1 0', 'x 0', 'y 1'], ['cx 1 0', 'x 0', 'z 1'], ['cx 1 0', 'x 1'], ['cx 1 0', 'y 0'], ['cx 1 0', 'y 0', 'x 1'], ['cx 1 0', 'y 0', 'y 1'], ['cx 1 0', 'y 0', 'z 1'], ['cx 1 0', 'y 1'], ['cx 1 0', 'z 0'], ['cx 1 0', 'z 0', 'x 1'], ['cx 1 0', 'z 0', 'y 1'], ['cx 1 0', 'z 0', 'z 1'], ['cx 1 0', 'z 1'], ['x 0'], ['x 0', 'x 1'], ['x 0', 'y 1'], ['x 0', 'z 1'], ['x 1'], ['y 0'], ['y 0', 'x 1'], ['y 0', 'y 1'], ['y 0', 'z 1'], ['y 1'], ['z 0'], ['z 0', 'x 1'], ['z 0', 'y 1'], ['z 0', 'z 1'], ['z 1']]
