test: generating the pauli group table for 1 qubit:
4
[[], ['x 0'], ['y 0'], ['z 0']]
-------------------------------------------------------
test: generating the pauli group table for 2 qubits:
16
[[], ['x 0'], ['x 0', 'x 1'], ['x 0', 'y 1'], ['x 0', 'z 1'], ['x 1'], ['y 0'], ['y 0', 'x 1'], ['y 0', 'y 1'], ['y 0', 'z 1'], ['y 1'], ['z 0'], ['z 0', 'x 1'], ['z 0', 'y 1'], ['z 0', 'z 1'], ['z 1']]
